[10:01:15] 
[10:01:15] =======================================================
[10:01:15]   CRYPTO TRACKER — DAILY PIPELINE
[10:01:15]   Date : 2026-03-03 10:01:15
[10:01:15] =======================================================
[10:01:15] 
[10:01:15] ==================================================
[10:01:15] START : Step 2 — Daily Fetch
[10:01:15] ==================================================
[10:01:22]   
[10:01:22]   =======================================================
[10:01:22]     STEP 2 — Daily Fetch -> raw_prices
[10:01:22]     Date : 2026-03-03
[10:01:22]   =======================================================
[10:01:22]     ✅ Connected to crypto_tracker
[10:01:22]   
[10:01:22]   📥 Fetching macro signals...
[10:01:22]     SPY return : 0.000568
[10:01:22]     DXY return : 0.006888
[10:01:22]     VIX        : 25.3
[10:01:22]   
[10:01:22]   📥 Fetching Fear & Greed...
[10:01:22]     Fear & Greed : 14
[10:01:22]   
[10:01:22]   📥 Fetching BTC...
[10:01:22]     Price  : $66,989.21
[10:01:22]     Volume : 55,229,140,992
[10:01:22]     ✅ BTC inserted into raw_prices
[10:01:22]   
[10:01:22]   📥 Fetching ETH...
[10:01:22]     Price  : $1,953.02
[10:01:22]     Volume : 26,013,822,976
[10:01:22]     ✅ ETH inserted into raw_prices
[10:01:22]   
[10:01:22]   📊 raw_prices table (last 10 rows):
[10:01:22]   
[10:01:22]     Coin   Date                Price         Volume   F&G    VIX
[10:01:22]     ----------------------------------------------------------
[10:01:22]     btc    2026-03-03      66,989.21 55,229,140,992    14  25.30
[10:01:22]     eth    2026-03-03       1,953.02 26,013,822,976    14  25.30
[10:01:22]     btc    2026-02-27      67,573.89 43,835,113,472    11  18.63
[10:01:22]     eth    2026-02-27       2,032.14 23,891,091,456    11  18.63
[10:01:22]     btc    2026-02-26      68,337.02 53,080,993,792    11  17.93
[10:01:22]     eth    2026-02-26       2,070.63 27,552,657,408    11  17.93
[10:01:22]     btc    2026-02-25      64,151.67 40,802,463,744     8  19.55
[10:01:22]     eth    2026-02-25       1,857.17 18,897,557,504     8  19.55
[10:01:22]     btc    2026-02-21      68,043.89 47,235,649,536     7  19.09
[10:01:22]     eth    2026-02-21       1,971.53 21,640,841,216     7  19.09
[10:01:22]   
[10:01:22]   =======================================================
[10:01:22]     ✅ Step 2 complete!
[10:01:22]     Next: run predict_and_store.py (Step 3)
[10:01:22]   =======================================================
[10:01:22] ✅ DONE : Step 2 — Daily Fetch

[10:01:22] ==================================================
[10:01:22] START : Step 3 — Predict & Store
[10:01:22] ==================================================
[10:01:31]   
[10:01:31]   =======================================================
[10:01:31]     STEP 3 — Predict → predictions table
[10:01:31]     Prediction date : 2026-03-03
[10:01:31]     Target date     : 2026-03-04
[10:01:31]   =======================================================
[10:01:31]     ✅ Connected to crypto_tracker
[10:01:31]   
[10:01:31]   ───────────────────────────────────────────────────────
[10:01:31]     🔮 BTC PREDICTION
[10:01:31]   ───────────────────────────────────────────────────────
[10:01:31]     Loading model from: C:\Users\tlili\OneDrive\Bureau\Bootcamp\AI-powered-cryptocurrency-market-analysis-and-decision-support-system\models\saved_models\btc_model_v2.pkl
[10:01:31]     ✅ Model loaded
[10:01:31]   
[10:01:31]     Building live features for BTC...
[10:01:31]     Feature date : 2026-03-03
[10:01:31]     Direction  : DOWN
[10:01:31]     Confidence : 65.62%
[10:01:31]     Prob UP    : 34.38% | Prob DOWN: 65.62%
[10:01:31]     ✅ BTC prediction inserted into predictions table
[10:01:31]   
[10:01:31]   ───────────────────────────────────────────────────────
[10:01:31]     🔮 ETH PREDICTION
[10:01:31]   ───────────────────────────────────────────────────────
[10:01:31]     Loading model from: C:\Users\tlili\OneDrive\Bureau\Bootcamp\AI-powered-cryptocurrency-market-analysis-and-decision-support-system\models\saved_models\eth_model_v2.pkl
[10:01:31]     ✅ Model loaded
[10:01:31]   
[10:01:31]     Building live features for ETH...
[10:01:31]     Feature date : 2026-03-03
[10:01:31]     Direction  : DOWN
[10:01:31]     Confidence : 73.47%
[10:01:31]     Prob UP    : 26.53% | Prob DOWN: 73.47%
[10:01:31]     ✅ ETH prediction inserted into predictions table
[10:01:31]   
[10:01:31]   📊 predictions table (last 10 rows):
[10:01:31]   
[10:01:31]     Coin   Pred Date    Target       Direction  Confidence  Model
[10:01:31]     ------------------------------------------------------------
[10:01:31]     btc    2026-03-03   2026-03-04   DOWN           65.62%     v2
[10:01:31]     eth    2026-03-03   2026-03-04   DOWN           73.47%     v2
[10:01:31]     btc    2026-02-27   2026-02-28   DOWN           85.79%     v2
[10:01:31]     eth    2026-02-27   2026-02-28   DOWN           93.30%     v2
[10:01:31]     btc    2026-02-26   2026-02-27   UP             52.58%     v1
[10:01:31]     eth    2026-02-26   2026-02-27   UP             65.48%     v1
[10:01:31]     btc    2026-02-25   2026-02-26   DOWN           82.08%     v1
[10:01:31]     eth    2026-02-25   2026-02-26   DOWN           83.51%     v1
[10:01:31]     btc    2026-02-21   2026-02-22   DOWN           59.77%     v1
[10:01:31]     eth    2026-02-21   2026-02-22   DOWN           64.53%     v1
[10:01:31]   
[10:01:31]   =======================================================
[10:01:31]     ✅ Step 3 complete!
[10:01:31]     Next: run error_tracker.py (Step 4)
[10:01:31]   =======================================================
[10:01:31] ✅ DONE : Step 3 — Predict & Store

[10:01:31] ==================================================
[10:01:31] START : Step 4 — Error Tracker
[10:01:31] ==================================================
[10:01:32]   
[10:01:32]   =======================================================
[10:01:32]     STEP 4 — Error Tracker → errors table
[10:01:32]     Date : 2026-03-03
[10:01:32]   =======================================================
[10:01:32]     ✅ Connected to crypto_tracker
[10:01:32]   
[10:01:32]   ───────────────────────────────────────────────────────
[10:01:32]     📊 BTC ERROR EVALUATION
[10:01:32]   ───────────────────────────────────────────────────────
[10:01:32]     Pending predictions to evaluate: 0
[10:01:32]     ℹ️  Nothing to evaluate yet for BTC
[10:01:32]         (true price for target_date not yet in raw_prices)
[10:01:32]   
[10:01:32]   ───────────────────────────────────────────────────────
[10:01:32]     📊 ETH ERROR EVALUATION
[10:01:32]   ───────────────────────────────────────────────────────
[10:01:32]     Pending predictions to evaluate: 0
[10:01:32]     ℹ️  Nothing to evaluate yet for ETH
[10:01:32]         (true price for target_date not yet in raw_prices)
[10:01:32]   
[10:01:32]   ───────────────────────────────────────────────────────
[10:01:32]     Total evaluated: 0 prediction(s)
[10:01:32]   
[10:01:32]   📊 errors table summary:
[10:01:32]   
[10:01:32]     Coin    Total  Correct   Accuracy  Rolling 30d  Retrain Flags
[10:01:32]     --------------------------------------------------------------
[10:01:32]     btc        37       18      48.6%        60.0%             17
[10:01:32]     eth        37       19      51.4%        60.0%             20
[10:01:32]   
[10:01:32]     Last 5 evaluations:
[10:01:32]     Coin   Date           Pred   True   OK?  Roll.Acc  Retrain?
[10:01:32]     ----------------------------------------------------------
[10:01:32]     btc    2026-02-26       UP   DOWN     ❌     50.0%         🚨
[10:01:32]     eth    2026-02-26       UP   DOWN     ❌     53.3%          
[10:01:32]     btc    2026-02-25     DOWN     UP     ❌     50.0%         🚨
[10:01:32]     eth    2026-02-25     DOWN     UP     ❌     56.7%          
[10:01:32]     btc    2026-02-19     DOWN   DOWN     ✅     50.0%         🚨
[10:01:32]     eth    2026-02-19     DOWN     UP     ❌     60.0%          
[10:01:32]     btc    2026-02-18     DOWN   DOWN     ✅     50.0%         🚨
[10:01:32]     eth    2026-02-18     DOWN     UP     ❌     60.0%          
[10:01:32]     btc    2026-02-17       UP   DOWN     ❌     50.0%         🚨
[10:01:32]     eth    2026-02-17       UP     UP     ✅     60.0%          
[10:01:32]   
[10:01:32]   =======================================================
[10:01:32]     ✅ Step 4 complete!
[10:01:32]     Next: run retrain.py (Step 6) if retraining was flagged
[10:01:32]   =======================================================
[10:01:32] ✅ DONE : Step 4 — Error Tracker

[10:01:32] ==================================================
[10:01:32] START : Step 6 — Retrain Check
[10:01:32] ==================================================
[10:01:35]   
[10:01:35]   =======================================================
[10:01:35]     STEP 6 — Retraining Script
[10:01:35]     Date : 2026-03-03
[10:01:35]   =======================================================
[10:01:35]     ✅ Connected to crypto_tracker
[10:01:35]   
[10:01:35]   🔍 Checking for pending retraining alerts...
[10:01:35]     ✅ No pending alerts — all models are healthy!
[10:01:35]   
[10:01:35]   ───────────────────────────────────────────────────────
[10:01:35]     📊 retraining_log summary:
[10:01:35]   
[10:01:35]     Coin   Triggered              Status     Acc Before  Acc After  Version
[10:01:35]     ------------------------------------------------------------------------
[10:01:35]     btc    2026-02-27 00:30:18.9  skipped         50.0%      73.2% v_20260227_0030
[10:01:35]     btc    2026-02-26 00:30:14.7  success         50.0%      73.9% v_20260226_0030
[10:01:35]     eth    2026-02-21 00:17:42.5  success           N/A      70.2% v_20260221_0034
[10:01:35]     btc    2026-02-21 00:17:42.4  success         50.0%      73.8% v_20260221_0034
[10:01:35]   
[10:01:35]   =======================================================
[10:01:35]     ✅ Step 6 complete!
[10:01:35]     Next: set up Task Scheduler (Step 7)
[10:01:35]   =======================================================
[10:01:35] ✅ DONE : Step 6 — Retrain Check

[10:01:35] 
[10:01:35] =======================================================
[10:01:35]   PIPELINE SUMMARY
[10:01:35] =======================================================
[10:01:35]   ✅ OK  Step 2 — Daily Fetch
[10:01:35]   ✅ OK  Step 3 — Predict & Store
[10:01:35]   ✅ OK  Step 4 — Error Tracker
[10:01:35]   ✅ OK  Step 6 — Retrain Check
[10:01:35] 
[10:01:35]   Total time : 19s
[10:01:35]   Log saved  : C:\Users\tlili\OneDrive\Bureau\Bootcamp\AI-powered-cryptocurrency-market-analysis-and-decision-support-system\tracking\logs\pipeline_2026-03-03.log
[10:01:35] =======================================================
