[00:30:01] 
[00:30:01] =======================================================
[00:30:01]   CRYPTO TRACKER — DAILY PIPELINE
[00:30:01]   Date : 2026-02-26 00:30:01
[00:30:01] =======================================================
[00:30:01] 
[00:30:01] ==================================================
[00:30:01] START : Step 2 — Daily Fetch
[00:30:01] ==================================================
[00:30:06]   
[00:30:06]   =======================================================
[00:30:06]     STEP 2 — Daily Fetch -> raw_prices
[00:30:06]     Date : 2026-02-26
[00:30:06]   =======================================================
[00:30:06]     ✅ Connected to crypto_tracker
[00:30:06]   
[00:30:06]   📥 Fetching macro signals...
[00:30:06]     SPY return : 0.008403
[00:30:06]     DXY return : -0.002424
[00:30:06]     VIX        : 17.93
[00:30:06]   
[00:30:06]   📥 Fetching Fear & Greed...
[00:30:06]     Fear & Greed : 11
[00:30:06]   
[00:30:06]   📥 Fetching BTC...
[00:30:06]     Price  : $68,337.02
[00:30:06]     Volume : 53,080,993,792
[00:30:06]     ✅ BTC inserted into raw_prices
[00:30:06]   
[00:30:06]   📥 Fetching ETH...
[00:30:06]     Price  : $2,070.63
[00:30:06]     Volume : 27,552,657,408
[00:30:06]     ✅ ETH inserted into raw_prices
[00:30:06]   
[00:30:06]   📊 raw_prices table (last 10 rows):
[00:30:06]   
[00:30:06]     Coin   Date                Price         Volume   F&G    VIX
[00:30:06]     ----------------------------------------------------------
[00:30:06]     btc    2026-02-26      68,337.02 53,080,993,792    11  17.93
[00:30:06]     eth    2026-02-26       2,070.63 27,552,657,408    11  17.93
[00:30:06]     btc    2026-02-25      64,151.67 40,802,463,744     8  19.55
[00:30:06]     eth    2026-02-25       1,857.17 18,897,557,504     8  19.55
[00:30:06]     btc    2026-02-21      68,043.89 47,235,649,536     7  19.09
[00:30:06]     eth    2026-02-21       1,971.53 21,640,841,216     7  19.09
[00:30:06]     btc    2026-02-20      60,911.18 40,000,000,000    50  18.50
[00:30:06]     eth    2026-02-20       2,452.73 40,000,000,000    50  18.50
[00:30:06]     btc    2026-02-19      61,080.77 40,000,000,000    50  18.50
[00:30:06]     eth    2026-02-19       2,387.23 40,000,000,000    50  18.50
[00:30:06]   
[00:30:06]   =======================================================
[00:30:06]     ✅ Step 2 complete!
[00:30:06]     Next: run predict_and_store.py (Step 3)
[00:30:06]   =======================================================
[00:30:06] ✅ DONE : Step 2 — Daily Fetch

[00:30:06] ==================================================
[00:30:06] START : Step 3 — Predict & Store
[00:30:06] ==================================================
[00:30:13]   
[00:30:13]   =======================================================
[00:30:13]     STEP 3 — Predict → predictions table
[00:30:13]     Prediction date : 2026-02-26
[00:30:13]     Target date     : 2026-02-27
[00:30:13]   =======================================================
[00:30:13]     ✅ Connected to crypto_tracker
[00:30:13]   
[00:30:13]   ───────────────────────────────────────────────────────
[00:30:13]     🔮 BTC PREDICTION
[00:30:13]   ───────────────────────────────────────────────────────
[00:30:13]     Loading model from: C:\Users\tlili\OneDrive\Bureau\Bootcamp\AI-powered-cryptocurrency-market-analysis-and-decision-support-system\models\saved_models\btc_model.pkl
[00:30:13]     ✅ Model loaded
[00:30:13]   
[00:30:13]     Building live features for BTC...
[00:30:13]     Feature date : 2026-02-25
[00:30:13]     Direction  : UP
[00:30:13]     Confidence : 52.58%
[00:30:13]     Prob UP    : 52.58% | Prob DOWN: 47.42%
[00:30:13]     ✅ BTC prediction inserted into predictions table
[00:30:13]   
[00:30:13]   ───────────────────────────────────────────────────────
[00:30:13]     🔮 ETH PREDICTION
[00:30:13]   ───────────────────────────────────────────────────────
[00:30:13]     Loading model from: C:\Users\tlili\OneDrive\Bureau\Bootcamp\AI-powered-cryptocurrency-market-analysis-and-decision-support-system\models\saved_models\eth_model.pkl
[00:30:13]     ✅ Model loaded
[00:30:13]   
[00:30:13]     Building live features for ETH...
[00:30:13]     Feature date : 2026-02-25
[00:30:13]     Direction  : UP
[00:30:13]     Confidence : 65.48%
[00:30:13]     Prob UP    : 65.48% | Prob DOWN: 34.52%
[00:30:13]     ✅ ETH prediction inserted into predictions table
[00:30:13]   
[00:30:13]   📊 predictions table (last 10 rows):
[00:30:13]   
[00:30:13]     Coin   Pred Date    Target       Direction  Confidence  Model
[00:30:13]     ------------------------------------------------------------
[00:30:13]     btc    2026-02-26   2026-02-27   UP             52.58%     v1
[00:30:13]     eth    2026-02-26   2026-02-27   UP             65.48%     v1
[00:30:13]     btc    2026-02-25   2026-02-26   DOWN           82.08%     v1
[00:30:13]     eth    2026-02-25   2026-02-26   DOWN           83.51%     v1
[00:30:13]     btc    2026-02-21   2026-02-22   DOWN           59.77%     v1
[00:30:13]     eth    2026-02-21   2026-02-22   DOWN           64.53%     v1
[00:30:13]     btc    2026-02-19   2026-02-20   DOWN           60.70%    sim
[00:30:13]     eth    2026-02-19   2026-02-20   DOWN           60.46%    sim
[00:30:13]     btc    2026-02-18   2026-02-19   DOWN           67.37%    sim
[00:30:13]     eth    2026-02-18   2026-02-19   DOWN           70.53%    sim
[00:30:13]   
[00:30:13]   =======================================================
[00:30:13]     ✅ Step 3 complete!
[00:30:13]     Next: run error_tracker.py (Step 4)
[00:30:13]   =======================================================
[00:30:13] ✅ DONE : Step 3 — Predict & Store

[00:30:13] ==================================================
[00:30:13] START : Step 4 — Error Tracker
[00:30:13] ==================================================
[00:30:14]   
[00:30:14]   =======================================================
[00:30:14]     STEP 4 — Error Tracker → errors table
[00:30:14]     Date : 2026-02-26
[00:30:14]   =======================================================
[00:30:14]     ✅ Connected to crypto_tracker
[00:30:14]   
[00:30:14]   ───────────────────────────────────────────────────────
[00:30:14]     📊 BTC ERROR EVALUATION
[00:30:14]   ───────────────────────────────────────────────────────
[00:30:14]     Pending predictions to evaluate: 1
[00:30:14]   
[00:30:14]     Date     : 2026-02-25 → 2026-02-26
[00:30:14]     Predicted: DOWN | True: UP → ❌ WRONG
[00:30:14]     Rolling 30d accuracy: 50.0%
[00:30:14]     🚨 Accuracy below threshold (52%)!
[00:30:14]     🚨 Retraining alert inserted for BTC!
[00:30:14]   
[00:30:14]   ───────────────────────────────────────────────────────
[00:30:14]     📊 ETH ERROR EVALUATION
[00:30:14]   ───────────────────────────────────────────────────────
[00:30:14]     Pending predictions to evaluate: 1
[00:30:14]   
[00:30:14]     Date     : 2026-02-25 → 2026-02-26
[00:30:14]     Predicted: DOWN | True: UP → ❌ WRONG
[00:30:14]     Rolling 30d accuracy: 53.3%
[00:30:14]     ✅ Accuracy above threshold — no retraining needed
[00:30:14]   
[00:30:14]   ───────────────────────────────────────────────────────
[00:30:14]     Total evaluated: 2 prediction(s)
[00:30:14]   
[00:30:14]   📊 errors table summary:
[00:30:14]   
[00:30:14]     Coin    Total  Correct   Accuracy  Rolling 30d  Retrain Flags
[00:30:14]     --------------------------------------------------------------
[00:30:14]     btc        36       18      50.0%        60.0%             16
[00:30:14]     eth        36       19      52.8%        60.0%             20
[00:30:14]   
[00:30:14]     Last 5 evaluations:
[00:30:14]     Coin   Date           Pred   True   OK?  Roll.Acc  Retrain?
[00:30:14]     ----------------------------------------------------------
[00:30:14]     btc    2026-02-25     DOWN     UP     ❌     50.0%         🚨
[00:30:14]     eth    2026-02-25     DOWN     UP     ❌     56.7%          
[00:30:14]     btc    2026-02-19     DOWN   DOWN     ✅     50.0%         🚨
[00:30:14]     eth    2026-02-19     DOWN     UP     ❌     60.0%          
[00:30:14]     btc    2026-02-18     DOWN   DOWN     ✅     50.0%         🚨
[00:30:14]     eth    2026-02-18     DOWN     UP     ❌     60.0%          
[00:30:14]     btc    2026-02-17       UP   DOWN     ❌     50.0%         🚨
[00:30:14]     eth    2026-02-17       UP     UP     ✅     60.0%          
[00:30:14]     btc    2026-02-16     DOWN     UP     ❌     53.3%          
[00:30:14]     eth    2026-02-16       UP     UP     ✅     56.7%          
[00:30:14]   
[00:30:14]   =======================================================
[00:30:14]     ✅ Step 4 complete!
[00:30:14]     Next: run retrain.py (Step 6) if retraining was flagged
[00:30:14]   =======================================================
[00:30:14] ✅ DONE : Step 4 — Error Tracker

[00:30:14] ==================================================
[00:30:14] START : Step 6 — Retrain Check
[00:30:14] ==================================================
[00:30:34]   
[00:30:34]   =======================================================
[00:30:34]     STEP 6 — Retraining Script
[00:30:34]     Date : 2026-02-26
[00:30:34]   =======================================================
[00:30:34]     ✅ Connected to crypto_tracker
[00:30:34]   
[00:30:34]   🔍 Checking for pending retraining alerts...
[00:30:34]     🚨 Found 1 pending alert(s)
[00:30:34]   
[00:30:34]     Alert : BTC
[00:30:34]     Reason: 30-day rolling accuracy dropped to 50.0% (threshold: 52%)
[00:30:34]   
[00:30:34]   =======================================================
[00:30:34]     RETRAINING — BTC
[00:30:34]   =======================================================
[00:30:34]   
[00:30:34]   📥 Step 1 : Fetching fresh training data...
[00:30:34]     Fetching BTC data: 2017-01-01 → 2026-02-26
[00:30:34]     ✅ Raw data shape: (3343, 8)
[00:30:34]   
[00:30:34]   ⚙️  Step 2 : Building features...
[00:30:34]     ✅ Features built — 2940 rows
[00:30:34]   
[00:30:34]   📊 Step 3 : Evaluating old model...
[00:30:34]     Old model test accuracy : 73.6%
[00:30:34]   
[00:30:34]   🔧 Step 4 : Training new model...
[00:30:34]     Train : 2018-02-08 → 2022-12-31 (1788 rows)
[00:30:34]     Val   : 2023-01-01 → 2024-12-31 (731 rows)
[00:30:34]     Test  : 2025-01-01 → 2026-02-25 (421 rows)
[00:30:34]   
[00:30:34]     Training new BTC model...
[00:30:34]     ✅ New model test accuracy: 73.9%
[00:30:34]   
[00:30:34]   📊 Step 5 : Comparison
[00:30:34]     Old accuracy : 73.6%
[00:30:34]     New accuracy : 73.9%
[00:30:34]     ✅ New model is better — saving...
[00:30:34]     📦 Old model backed up → btc_model_v_20260226_0030_backup.pkl
[00:30:34]     ✅ New model saved → C:\Users\tlili\OneDrive\Bureau\Bootcamp\AI-powered-cryptocurrency-market-analysis-and-decision-support-system\models\saved_models\btc_model.pkl
[00:30:34]   
[00:30:34]   📝 Step 6 : Updating retraining_log...
[00:30:34]     ✅ retraining_log updated → status: success
[00:30:34]   
[00:30:34]     ✅ Retraining complete for BTC — SUCCESS
[00:30:34]   
[00:30:34]   ───────────────────────────────────────────────────────
[00:30:34]     📊 retraining_log summary:
[00:30:34]   
[00:30:34]     Coin   Triggered              Status     Acc Before  Acc After  Version
[00:30:34]     ------------------------------------------------------------------------
[00:30:34]     btc    2026-02-26 00:30:14.7  success         50.0%      73.9% v_20260226_0030
[00:30:34]     eth    2026-02-21 00:17:42.5  success           N/A      70.2% v_20260221_0034
[00:30:34]     btc    2026-02-21 00:17:42.4  success         50.0%      73.8% v_20260221_0034
[00:30:34]   
[00:30:34]   =======================================================
[00:30:34]     ✅ Step 6 complete!
[00:30:34]     Next: set up Task Scheduler (Step 7)
[00:30:34]   =======================================================
[00:30:34] ✅ DONE : Step 6 — Retrain Check

[00:30:34] 
[00:30:34] =======================================================
[00:30:34]   PIPELINE SUMMARY
[00:30:34] =======================================================
[00:30:34]   ✅ OK  Step 2 — Daily Fetch
[00:30:34]   ✅ OK  Step 3 — Predict & Store
[00:30:34]   ✅ OK  Step 4 — Error Tracker
[00:30:34]   ✅ OK  Step 6 — Retrain Check
[00:30:34] 
[00:30:34]   Total time : 32s
[00:30:34]   Log saved  : C:\Users\tlili\OneDrive\Bureau\Bootcamp\AI-powered-cryptocurrency-market-analysis-and-decision-support-system\tracking\logs\pipeline_2026-02-26.log
[00:30:34] =======================================================
