[00:30:02] 
[00:30:02] =======================================================
[00:30:02]   CRYPTO TRACKER — DAILY PIPELINE
[00:30:02]   Date : 2026-02-27 00:30:02
[00:30:02] =======================================================
[00:30:02] 
[00:30:02] ==================================================
[00:30:02] START : Step 2 — Daily Fetch
[00:30:02] ==================================================
[00:30:07]   
[00:30:07]   =======================================================
[00:30:07]     STEP 2 — Daily Fetch -> raw_prices
[00:30:07]     Date : 2026-02-27
[00:30:07]   =======================================================
[00:30:07]     ✅ Connected to crypto_tracker
[00:30:07]   
[00:30:07]   📥 Fetching macro signals...
[00:30:07]     SPY return : -0.00557
[00:30:07]     DXY return : 0.000829
[00:30:07]     VIX        : 18.63
[00:30:07]   
[00:30:07]   📥 Fetching Fear & Greed...
[00:30:07]     Fear & Greed : 11
[00:30:07]   
[00:30:07]   📥 Fetching BTC...
[00:30:07]     Price  : $67,573.89
[00:30:07]     Volume : 43,835,113,472
[00:30:07]     ✅ BTC inserted into raw_prices
[00:30:07]   
[00:30:07]   📥 Fetching ETH...
[00:30:07]     Price  : $2,032.14
[00:30:07]     Volume : 23,891,091,456
[00:30:07]     ✅ ETH inserted into raw_prices
[00:30:07]   
[00:30:07]   📊 raw_prices table (last 10 rows):
[00:30:07]   
[00:30:07]     Coin   Date                Price         Volume   F&G    VIX
[00:30:07]     ----------------------------------------------------------
[00:30:07]     btc    2026-02-27      67,573.89 43,835,113,472    11  18.63
[00:30:07]     eth    2026-02-27       2,032.14 23,891,091,456    11  18.63
[00:30:07]     btc    2026-02-26      68,337.02 53,080,993,792    11  17.93
[00:30:07]     eth    2026-02-26       2,070.63 27,552,657,408    11  17.93
[00:30:07]     btc    2026-02-25      64,151.67 40,802,463,744     8  19.55
[00:30:07]     eth    2026-02-25       1,857.17 18,897,557,504     8  19.55
[00:30:07]     btc    2026-02-21      68,043.89 47,235,649,536     7  19.09
[00:30:07]     eth    2026-02-21       1,971.53 21,640,841,216     7  19.09
[00:30:07]     btc    2026-02-20      60,911.18 40,000,000,000    50  18.50
[00:30:07]     eth    2026-02-20       2,452.73 40,000,000,000    50  18.50
[00:30:07]   
[00:30:07]   =======================================================
[00:30:07]     ✅ Step 2 complete!
[00:30:07]     Next: run predict_and_store.py (Step 3)
[00:30:07]   =======================================================
[00:30:07] ✅ DONE : Step 2 — Daily Fetch

[00:30:07] ==================================================
[00:30:07] START : Step 3 — Predict & Store
[00:30:07] ==================================================
[00:30:17]   
[00:30:17]   =======================================================
[00:30:17]     STEP 3 — Predict → predictions table
[00:30:17]     Prediction date : 2026-02-27
[00:30:17]     Target date     : 2026-02-28
[00:30:17]   =======================================================
[00:30:17]     ✅ Connected to crypto_tracker
[00:30:17]   
[00:30:17]   ───────────────────────────────────────────────────────
[00:30:17]     🔮 BTC PREDICTION
[00:30:17]   ───────────────────────────────────────────────────────
[00:30:17]     Loading model from: C:\Users\tlili\OneDrive\Bureau\Bootcamp\AI-powered-cryptocurrency-market-analysis-and-decision-support-system\models\saved_models\btc_model.pkl
[00:30:17]     ✅ Model loaded
[00:30:17]   
[00:30:17]     Building live features for BTC...
[00:30:17]     Feature date : 2026-02-26
[00:30:17]     Direction  : DOWN
[00:30:17]     Confidence : 61.53%
[00:30:17]     Prob UP    : 38.47% | Prob DOWN: 61.53%
[00:30:17]     ✅ BTC prediction inserted into predictions table
[00:30:17]   
[00:30:17]   ───────────────────────────────────────────────────────
[00:30:17]     🔮 ETH PREDICTION
[00:30:17]   ───────────────────────────────────────────────────────
[00:30:17]     Loading model from: C:\Users\tlili\OneDrive\Bureau\Bootcamp\AI-powered-cryptocurrency-market-analysis-and-decision-support-system\models\saved_models\eth_model.pkl
[00:30:17]     ✅ Model loaded
[00:30:17]   
[00:30:17]     Building live features for ETH...
[00:30:17]     Feature date : 2026-02-26
[00:30:17]     Direction  : DOWN
[00:30:17]     Confidence : 50.29%
[00:30:17]     Prob UP    : 49.71% | Prob DOWN: 50.29%
[00:30:17]     ✅ ETH prediction inserted into predictions table
[00:30:17]   
[00:30:17]   📊 predictions table (last 10 rows):
[00:30:17]   
[00:30:17]     Coin   Pred Date    Target       Direction  Confidence  Model
[00:30:17]     ------------------------------------------------------------
[00:30:17]     btc    2026-02-27   2026-02-28   DOWN           61.53%     v1
[00:30:17]     eth    2026-02-27   2026-02-28   DOWN           50.29%     v1
[00:30:17]     btc    2026-02-26   2026-02-27   UP             52.58%     v1
[00:30:17]     eth    2026-02-26   2026-02-27   UP             65.48%     v1
[00:30:17]     btc    2026-02-25   2026-02-26   DOWN           82.08%     v1
[00:30:17]     eth    2026-02-25   2026-02-26   DOWN           83.51%     v1
[00:30:17]     btc    2026-02-21   2026-02-22   DOWN           59.77%     v1
[00:30:17]     eth    2026-02-21   2026-02-22   DOWN           64.53%     v1
[00:30:17]     btc    2026-02-19   2026-02-20   DOWN           60.70%    sim
[00:30:17]     eth    2026-02-19   2026-02-20   DOWN           60.46%    sim
[00:30:17]   
[00:30:17]   =======================================================
[00:30:17]     ✅ Step 3 complete!
[00:30:17]     Next: run error_tracker.py (Step 4)
[00:30:17]   =======================================================
[00:30:17] ✅ DONE : Step 3 — Predict & Store

[00:30:17] ==================================================
[00:30:17] START : Step 4 — Error Tracker
[00:30:17] ==================================================
[00:30:19]   
[00:30:19]   =======================================================
[00:30:19]     STEP 4 — Error Tracker → errors table
[00:30:19]     Date : 2026-02-27
[00:30:19]   =======================================================
[00:30:19]     ✅ Connected to crypto_tracker
[00:30:19]   
[00:30:19]   ───────────────────────────────────────────────────────
[00:30:19]     📊 BTC ERROR EVALUATION
[00:30:19]   ───────────────────────────────────────────────────────
[00:30:19]     Pending predictions to evaluate: 1
[00:30:19]   
[00:30:19]     Date     : 2026-02-26 → 2026-02-27
[00:30:19]     Predicted: UP | True: DOWN → ❌ WRONG
[00:30:19]     Rolling 30d accuracy: 50.0%
[00:30:19]     🚨 Accuracy below threshold (52%)!
[00:30:19]     🚨 Retraining alert inserted for BTC!
[00:30:19]   
[00:30:19]   ───────────────────────────────────────────────────────
[00:30:19]     📊 ETH ERROR EVALUATION
[00:30:19]   ───────────────────────────────────────────────────────
[00:30:19]     Pending predictions to evaluate: 1
[00:30:19]   
[00:30:19]     Date     : 2026-02-26 → 2026-02-27
[00:30:19]     Predicted: UP | True: DOWN → ❌ WRONG
[00:30:19]     Rolling 30d accuracy: 53.3%
[00:30:19]     ✅ Accuracy above threshold — no retraining needed
[00:30:19]   
[00:30:19]   ───────────────────────────────────────────────────────
[00:30:19]     Total evaluated: 2 prediction(s)
[00:30:19]   
[00:30:19]   📊 errors table summary:
[00:30:19]   
[00:30:19]     Coin    Total  Correct   Accuracy  Rolling 30d  Retrain Flags
[00:30:19]     --------------------------------------------------------------
[00:30:19]     btc        37       18      48.6%        60.0%             17
[00:30:19]     eth        37       19      51.4%        60.0%             20
[00:30:19]   
[00:30:19]     Last 5 evaluations:
[00:30:19]     Coin   Date           Pred   True   OK?  Roll.Acc  Retrain?
[00:30:19]     ----------------------------------------------------------
[00:30:19]     btc    2026-02-26       UP   DOWN     ❌     50.0%         🚨
[00:30:19]     eth    2026-02-26       UP   DOWN     ❌     53.3%          
[00:30:19]     btc    2026-02-25     DOWN     UP     ❌     50.0%         🚨
[00:30:19]     eth    2026-02-25     DOWN     UP     ❌     56.7%          
[00:30:19]     btc    2026-02-19     DOWN   DOWN     ✅     50.0%         🚨
[00:30:19]     eth    2026-02-19     DOWN     UP     ❌     60.0%          
[00:30:19]     btc    2026-02-18     DOWN   DOWN     ✅     50.0%         🚨
[00:30:19]     eth    2026-02-18     DOWN     UP     ❌     60.0%          
[00:30:19]     btc    2026-02-17       UP   DOWN     ❌     50.0%         🚨
[00:30:19]     eth    2026-02-17       UP     UP     ✅     60.0%          
[00:30:19]   
[00:30:19]   =======================================================
[00:30:19]     ✅ Step 4 complete!
[00:30:19]     Next: run retrain.py (Step 6) if retraining was flagged
[00:30:19]   =======================================================
[00:30:19] ✅ DONE : Step 4 — Error Tracker

[00:30:19] ==================================================
[00:30:19] START : Step 6 — Retrain Check
[00:30:19] ==================================================
[00:30:44]   
[00:30:44]   =======================================================
[00:30:44]     STEP 6 — Retraining Script
[00:30:44]     Date : 2026-02-27
[00:30:44]   =======================================================
[00:30:44]     ✅ Connected to crypto_tracker
[00:30:44]   
[00:30:44]   🔍 Checking for pending retraining alerts...
[00:30:44]     🚨 Found 1 pending alert(s)
[00:30:44]   
[00:30:44]     Alert : BTC
[00:30:44]     Reason: 30-day rolling accuracy dropped to 50.0% (threshold: 52%)
[00:30:44]   
[00:30:44]   =======================================================
[00:30:44]     RETRAINING — BTC
[00:30:44]   =======================================================
[00:30:44]   
[00:30:44]   📥 Step 1 : Fetching fresh training data...
[00:30:44]     Fetching BTC data: 2017-01-01 → 2026-02-27
[00:30:44]     ✅ Raw data shape: (3344, 8)
[00:30:44]   
[00:30:44]   ⚙️  Step 2 : Building features...
[00:30:44]     ✅ Features built — 2941 rows
[00:30:44]   
[00:30:44]   📊 Step 3 : Evaluating old model...
[00:30:44]     Old model test accuracy : 73.9%
[00:30:44]   
[00:30:44]   🔧 Step 4 : Training new model...
[00:30:44]     Train : 2018-02-08 → 2022-12-31 (1788 rows)
[00:30:44]     Val   : 2023-01-01 → 2024-12-31 (731 rows)
[00:30:44]     Test  : 2025-01-01 → 2026-02-26 (422 rows)
[00:30:44]   
[00:30:44]     Training new BTC model...
[00:30:44]     ✅ New model test accuracy: 73.2%
[00:30:44]   
[00:30:44]   📊 Step 5 : Comparison
[00:30:44]     Old accuracy : 73.9%
[00:30:44]     New accuracy : 73.2%
[00:30:44]     ⚠️  New model is NOT better — keeping old model
[00:30:44]   
[00:30:44]   📝 Step 6 : Updating retraining_log...
[00:30:44]     ✅ retraining_log updated → status: skipped
[00:30:44]   
[00:30:44]     ✅ Retraining complete for BTC — SKIPPED
[00:30:44]   
[00:30:44]   ───────────────────────────────────────────────────────
[00:30:44]     📊 retraining_log summary:
[00:30:44]   
[00:30:44]     Coin   Triggered              Status     Acc Before  Acc After  Version
[00:30:44]     ------------------------------------------------------------------------
[00:30:44]     btc    2026-02-27 00:30:18.9  skipped         50.0%      73.2% v_20260227_0030
[00:30:44]     btc    2026-02-26 00:30:14.7  success         50.0%      73.9% v_20260226_0030
[00:30:44]     eth    2026-02-21 00:17:42.5  success           N/A      70.2% v_20260221_0034
[00:30:44]     btc    2026-02-21 00:17:42.4  success         50.0%      73.8% v_20260221_0034
[00:30:44]   
[00:30:44]   =======================================================
[00:30:44]     ✅ Step 6 complete!
[00:30:44]     Next: set up Task Scheduler (Step 7)
[00:30:44]   =======================================================
[00:30:44] ✅ DONE : Step 6 — Retrain Check

[00:30:44] 
[00:30:44] =======================================================
[00:30:44]   PIPELINE SUMMARY
[00:30:44] =======================================================
[00:30:44]   ✅ OK  Step 2 — Daily Fetch
[00:30:44]   ✅ OK  Step 3 — Predict & Store
[00:30:44]   ✅ OK  Step 4 — Error Tracker
[00:30:44]   ✅ OK  Step 6 — Retrain Check
[00:30:44] 
[00:30:44]   Total time : 42s
[00:30:44]   Log saved  : C:\Users\tlili\OneDrive\Bureau\Bootcamp\AI-powered-cryptocurrency-market-analysis-and-decision-support-system\tracking\logs\pipeline_2026-02-27.log
[00:30:44] =======================================================
