[00:30:01] 
[00:30:01] =======================================================
[00:30:01]   CRYPTO TRACKER — DAILY PIPELINE
[00:30:01]   Date : 2026-02-25 00:30:01
[00:30:01] =======================================================
[00:30:01] 
[00:30:01] ==================================================
[00:30:01] START : Step 2 — Daily Fetch
[00:30:01] ==================================================
[00:30:06]   
[00:30:06]   =======================================================
[00:30:06]     STEP 2 — Daily Fetch -> raw_prices
[00:30:06]     Date : 2026-02-25
[00:30:06]   =======================================================
[00:30:06]     ✅ Connected to crypto_tracker
[00:30:06]   
[00:30:06]   📥 Fetching macro signals...
[00:30:06]     SPY return : 0.007242
[00:30:06]     DXY return : 0.001861
[00:30:06]     VIX        : 19.55
[00:30:06]   
[00:30:06]   📥 Fetching Fear & Greed...
[00:30:06]     Fear & Greed : 8
[00:30:06]   
[00:30:06]   📥 Fetching BTC...
[00:30:06]     Price  : $64,151.67
[00:30:06]     Volume : 40,802,463,744
[00:30:06]     ✅ BTC inserted into raw_prices
[00:30:06]   
[00:30:06]   📥 Fetching ETH...
[00:30:06]     Price  : $1,857.17
[00:30:06]     Volume : 18,897,557,504
[00:30:06]     ✅ ETH inserted into raw_prices
[00:30:06]   
[00:30:06]   📊 raw_prices table (last 10 rows):
[00:30:06]   
[00:30:06]     Coin   Date                Price         Volume   F&G    VIX
[00:30:06]     ----------------------------------------------------------
[00:30:06]     btc    2026-02-25      64,151.67 40,802,463,744     8  19.55
[00:30:06]     eth    2026-02-25       1,857.17 18,897,557,504     8  19.55
[00:30:06]     btc    2026-02-21      68,043.89 47,235,649,536     7  19.09
[00:30:06]     eth    2026-02-21       1,971.53 21,640,841,216     7  19.09
[00:30:06]     btc    2026-02-20      60,911.18 40,000,000,000    50  18.50
[00:30:06]     eth    2026-02-20       2,452.73 40,000,000,000    50  18.50
[00:30:06]     btc    2026-02-19      61,080.77 40,000,000,000    50  18.50
[00:30:06]     eth    2026-02-19       2,387.23 40,000,000,000    50  18.50
[00:30:06]     btc    2026-02-18      61,672.18 40,000,000,000    50  18.50
[00:30:06]     eth    2026-02-18       2,347.07 40,000,000,000    50  18.50
[00:30:06]   
[00:30:06]   =======================================================
[00:30:06]     ✅ Step 2 complete!
[00:30:06]     Next: run predict_and_store.py (Step 3)
[00:30:06]   =======================================================
[00:30:06] ✅ DONE : Step 2 — Daily Fetch

[00:30:06] ==================================================
[00:30:06] START : Step 3 — Predict & Store
[00:30:06] ==================================================
[00:30:13]   
[00:30:13]   =======================================================
[00:30:13]     STEP 3 — Predict → predictions table
[00:30:13]     Prediction date : 2026-02-25
[00:30:13]     Target date     : 2026-02-26
[00:30:13]   =======================================================
[00:30:13]     ✅ Connected to crypto_tracker
[00:30:13]   
[00:30:13]   ───────────────────────────────────────────────────────
[00:30:13]     🔮 BTC PREDICTION
[00:30:13]   ───────────────────────────────────────────────────────
[00:30:13]     Loading model from: C:\Users\tlili\OneDrive\Bureau\Bootcamp\AI-powered-cryptocurrency-market-analysis-and-decision-support-system\models\saved_models\btc_model.pkl
[00:30:13]     ✅ Model loaded
[00:30:13]   
[00:30:13]     Building live features for BTC...
[00:30:13]     Feature date : 2026-02-24
[00:30:13]     Direction  : DOWN
[00:30:13]     Confidence : 82.08%
[00:30:13]     Prob UP    : 17.92% | Prob DOWN: 82.08%
[00:30:13]     ✅ BTC prediction inserted into predictions table
[00:30:13]   
[00:30:13]   ───────────────────────────────────────────────────────
[00:30:13]     🔮 ETH PREDICTION
[00:30:13]   ───────────────────────────────────────────────────────
[00:30:13]     Loading model from: C:\Users\tlili\OneDrive\Bureau\Bootcamp\AI-powered-cryptocurrency-market-analysis-and-decision-support-system\models\saved_models\eth_model.pkl
[00:30:13]     ✅ Model loaded
[00:30:13]   
[00:30:13]     Building live features for ETH...
[00:30:13]     Feature date : 2026-02-24
[00:30:13]     Direction  : DOWN
[00:30:13]     Confidence : 83.51%
[00:30:13]     Prob UP    : 16.49% | Prob DOWN: 83.51%
[00:30:13]     ✅ ETH prediction inserted into predictions table
[00:30:13]   
[00:30:13]   📊 predictions table (last 10 rows):
[00:30:13]   
[00:30:13]     Coin   Pred Date    Target       Direction  Confidence  Model
[00:30:13]     ------------------------------------------------------------
[00:30:13]     btc    2026-02-25   2026-02-26   DOWN           82.08%     v1
[00:30:13]     eth    2026-02-25   2026-02-26   DOWN           83.51%     v1
[00:30:14]     btc    2026-02-21   2026-02-22   DOWN           59.77%     v1
[00:30:14]     eth    2026-02-21   2026-02-22   DOWN           64.53%     v1
[00:30:14]     btc    2026-02-19   2026-02-20   DOWN           60.70%    sim
[00:30:14]     eth    2026-02-19   2026-02-20   DOWN           60.46%    sim
[00:30:14]     btc    2026-02-18   2026-02-19   DOWN           67.37%    sim
[00:30:14]     eth    2026-02-18   2026-02-19   DOWN           70.53%    sim
[00:30:14]     btc    2026-02-17   2026-02-18   UP             65.61%    sim
[00:30:14]     eth    2026-02-17   2026-02-18   UP             59.58%    sim
[00:30:14]   
[00:30:14]   =======================================================
[00:30:14]     ✅ Step 3 complete!
[00:30:14]     Next: run error_tracker.py (Step 4)
[00:30:14]   =======================================================
[00:30:14] ✅ DONE : Step 3 — Predict & Store

[00:30:14] ==================================================
[00:30:14] START : Step 4 — Error Tracker
[00:30:14] ==================================================
[00:30:14]   
[00:30:14]   =======================================================
[00:30:14]     STEP 4 — Error Tracker → errors table
[00:30:14]     Date : 2026-02-25
[00:30:14]   =======================================================
[00:30:14]     ✅ Connected to crypto_tracker
[00:30:14]   
[00:30:14]   ───────────────────────────────────────────────────────
[00:30:14]     📊 BTC ERROR EVALUATION
[00:30:14]   ───────────────────────────────────────────────────────
[00:30:14]     Pending predictions to evaluate: 0
[00:30:14]     ℹ️  Nothing to evaluate yet for BTC
[00:30:14]         (true price for target_date not yet in raw_prices)
[00:30:14]   
[00:30:14]   ───────────────────────────────────────────────────────
[00:30:14]     📊 ETH ERROR EVALUATION
[00:30:14]   ───────────────────────────────────────────────────────
[00:30:14]     Pending predictions to evaluate: 0
[00:30:14]     ℹ️  Nothing to evaluate yet for ETH
[00:30:14]         (true price for target_date not yet in raw_prices)
[00:30:14]   
[00:30:14]   ───────────────────────────────────────────────────────
[00:30:14]     Total evaluated: 0 prediction(s)
[00:30:14]   
[00:30:14]   📊 errors table summary:
[00:30:14]   
[00:30:14]     Coin    Total  Correct   Accuracy  Rolling 30d  Retrain Flags
[00:30:14]     --------------------------------------------------------------
[00:30:14]     btc        35       18      51.4%        60.0%             15
[00:30:14]     eth        35       19      54.3%        60.0%             20
[00:30:14]   
[00:30:14]     Last 5 evaluations:
[00:30:14]     Coin   Date           Pred   True   OK?  Roll.Acc  Retrain?
[00:30:14]     ----------------------------------------------------------
[00:30:14]     btc    2026-02-19     DOWN   DOWN     ✅     50.0%         🚨
[00:30:14]     eth    2026-02-19     DOWN     UP     ❌     60.0%          
[00:30:14]     btc    2026-02-18     DOWN   DOWN     ✅     50.0%         🚨
[00:30:14]     eth    2026-02-18     DOWN     UP     ❌     60.0%          
[00:30:14]     btc    2026-02-17       UP   DOWN     ❌     50.0%         🚨
[00:30:14]     eth    2026-02-17       UP     UP     ✅     60.0%          
[00:30:14]     btc    2026-02-16     DOWN     UP     ❌     53.3%          
[00:30:14]     eth    2026-02-16       UP     UP     ✅     56.7%          
[00:30:14]     btc    2026-02-15       UP     UP     ✅     50.0%         🚨
[00:30:14]     eth    2026-02-15       UP   DOWN     ❌     56.7%          
[00:30:14]   
[00:30:14]   =======================================================
[00:30:14]     ✅ Step 4 complete!
[00:30:14]     Next: run retrain.py (Step 6) if retraining was flagged
[00:30:14]   =======================================================
[00:30:14] ✅ DONE : Step 4 — Error Tracker

[00:30:14] ==================================================
[00:30:14] START : Step 6 — Retrain Check
[00:30:14] ==================================================
[00:30:18]   
[00:30:18]   =======================================================
[00:30:18]     STEP 6 — Retraining Script
[00:30:18]     Date : 2026-02-25
[00:30:18]   =======================================================
[00:30:18]     ✅ Connected to crypto_tracker
[00:30:18]   
[00:30:18]   🔍 Checking for pending retraining alerts...
[00:30:18]     ✅ No pending alerts — all models are healthy!
[00:30:18]   
[00:30:18]   ───────────────────────────────────────────────────────
[00:30:18]     📊 retraining_log summary:
[00:30:18]   
[00:30:18]     Coin   Triggered              Status     Acc Before  Acc After  Version
[00:30:18]     ------------------------------------------------------------------------
[00:30:18]     eth    2026-02-21 00:17:42.5  success           N/A      70.2% v_20260221_0034
[00:30:18]     btc    2026-02-21 00:17:42.4  success         50.0%      73.8% v_20260221_0034
[00:30:18]   
[00:30:18]   =======================================================
[00:30:18]     ✅ Step 6 complete!
[00:30:18]     Next: set up Task Scheduler (Step 7)
[00:30:18]   =======================================================
[00:30:18] ✅ DONE : Step 6 — Retrain Check

[00:30:18] 
[00:30:18] =======================================================
[00:30:18]   PIPELINE SUMMARY
[00:30:18] =======================================================
[00:30:18]   ✅ OK  Step 2 — Daily Fetch
[00:30:18]   ✅ OK  Step 3 — Predict & Store
[00:30:18]   ✅ OK  Step 4 — Error Tracker
[00:30:18]   ✅ OK  Step 6 — Retrain Check
[00:30:18] 
[00:30:18]   Total time : 16s
[00:30:18]   Log saved  : C:\Users\tlili\OneDrive\Bureau\Bootcamp\AI-powered-cryptocurrency-market-analysis-and-decision-support-system\tracking\logs\pipeline_2026-02-25.log
[00:30:18] =======================================================
